// Jest Snapshot v1, https://goo.gl/fbAQLP

exports[`Money renders properly 1`] = `
ShallowWrapper {
  "length": 1,
  Symbol(enzyme.__root__): [Circular],
  Symbol(enzyme.__unrendered__): <Money
    balance={10}
    bitcoin={Object {}}
/>,
  Symbol(enzyme.__renderer__): Object {
    "batchedUpdates": [Function],
    "getNode": [Function],
    "render": [Function],
    "simulateEvent": [Function],
    "unmount": [Function],
  },
  Symbol(enzyme.__node__): Object {
    "instance": null,
    "key": undefined,
    "nodeType": "host",
    "props": Object {
      "children": Array [
        "Bitcoin balance: ",
        "",
      ],
      "style": Object {
        "marginTop": 50,
      },
    },
    "ref": null,
    "rendered": Array [
      "Bitcoin balance: ",
      "",
    ],
    "type": "h3",
  },
  Symbol(enzyme.__nodes__): Array [
    Object {
      "instance": null,
      "key": undefined,
      "nodeType": "host",
      "props": Object {
        "children": Array [
          "Bitcoin balance: ",
          "",
        ],
        "style": Object {
          "marginTop": 50,
        },
      },
      "ref": null,
      "rendered": Array [
        "Bitcoin balance: ",
        "",
      ],
      "type": "h3",
    },
  ],
  Symbol(enzyme.__options__): Object {
    "adapter": ReactSixteenAdapter {
      "options": Object {
        "enableComponentDidUpdateOnSetState": true,
      },
    },
    "disableLifecycleMethods": true,
  },
}
`;
