// Jest Snapshot v1, https://goo.gl/fbAQLP

exports[`Wallet renders properly 1`] = `
ShallowWrapper {
  "length": 1,
  Symbol(enzyme.__root__): [Circular],
  Symbol(enzyme.__unrendered__): <Wallet
    balance={20}
    deposit={[Function]}
    withdraw={[Function]}
/>,
  Symbol(enzyme.__renderer__): Object {
    "batchedUpdates": [Function],
    "getNode": [Function],
    "render": [Function],
    "simulateEvent": [Function],
    "unmount": [Function],
  },
  Symbol(enzyme.__node__): Object {
    "instance": null,
    "key": undefined,
    "nodeType": "host",
    "props": Object {
      "children": Array [
        <h3
          className="balance"
>
          Wallet Balance: 
          20
</h3>,
        <br />,
        <div
          className="form-group"
>
          <div
                    className="col-md-3"
                    style={
                              Object {
                                        "paddingLeft": 0,
                                      }
                    }
          >
                    <input
                              className="input-wallet form-control col-md-3"
                              onChange={[Function]}
                    />
          </div>
          <div
                    className="col-md-3"
          >
                    <button
                              className="btn-deposit btn btn-success"
                              onClick={[Function]}
                    >
                              Deposit
                    </button>
                    <button
                              className="btn-withdraw btn btn-danger"
                              onClick={[Function]}
                    >
                              Withdraw
                    </button>
          </div>
</div>,
      ],
    },
    "ref": null,
    "rendered": Array [
      Object {
        "instance": null,
        "key": undefined,
        "nodeType": "host",
        "props": Object {
          "children": Array [
            "Wallet Balance: ",
            20,
          ],
          "className": "balance",
        },
        "ref": null,
        "rendered": Array [
          "Wallet Balance: ",
          20,
        ],
        "type": "h3",
      },
      Object {
        "instance": null,
        "key": undefined,
        "nodeType": "host",
        "props": Object {},
        "ref": null,
        "rendered": null,
        "type": "br",
      },
      Object {
        "instance": null,
        "key": undefined,
        "nodeType": "host",
        "props": Object {
          "children": Array [
            <div
              className="col-md-3"
              style={
                            Object {
                                          "paddingLeft": 0,
                                        }
              }
>
              <input
                            className="input-wallet form-control col-md-3"
                            onChange={[Function]}
              />
</div>,
            <div
              className="col-md-3"
>
              <button
                            className="btn-deposit btn btn-success"
                            onClick={[Function]}
              >
                            Deposit
              </button>
              <button
                            className="btn-withdraw btn btn-danger"
                            onClick={[Function]}
              >
                            Withdraw
              </button>
</div>,
          ],
          "className": "form-group",
        },
        "ref": null,
        "rendered": Array [
          Object {
            "instance": null,
            "key": undefined,
            "nodeType": "host",
            "props": Object {
              "children": <input
                className="input-wallet form-control col-md-3"
                onChange={[Function]}
/>,
              "className": "col-md-3",
              "style": Object {
                "paddingLeft": 0,
              },
            },
            "ref": null,
            "rendered": Object {
              "instance": null,
              "key": undefined,
              "nodeType": "host",
              "props": Object {
                "className": "input-wallet form-control col-md-3",
                "onChange": [Function],
              },
              "ref": null,
              "rendered": null,
              "type": "input",
            },
            "type": "div",
          },
          Object {
            "instance": null,
            "key": undefined,
            "nodeType": "host",
            "props": Object {
              "children": Array [
                <button
                  className="btn-deposit btn btn-success"
                  onClick={[Function]}
>
                  Deposit
</button>,
                <button
                  className="btn-withdraw btn btn-danger"
                  onClick={[Function]}
>
                  Withdraw
</button>,
              ],
              "className": "col-md-3",
            },
            "ref": null,
            "rendered": Array [
              Object {
                "instance": null,
                "key": undefined,
                "nodeType": "host",
                "props": Object {
                  "children": "Deposit",
                  "className": "btn-deposit btn btn-success",
                  "onClick": [Function],
                },
                "ref": null,
                "rendered": "Deposit",
                "type": "button",
              },
              Object {
                "instance": null,
                "key": undefined,
                "nodeType": "host",
                "props": Object {
                  "children": "Withdraw",
                  "className": "btn-withdraw btn btn-danger",
                  "onClick": [Function],
                },
                "ref": null,
                "rendered": "Withdraw",
                "type": "button",
              },
            ],
            "type": "div",
          },
        ],
        "type": "div",
      },
    ],
    "type": "div",
  },
  Symbol(enzyme.__nodes__): Array [
    Object {
      "instance": null,
      "key": undefined,
      "nodeType": "host",
      "props": Object {
        "children": Array [
          <h3
            className="balance"
>
            Wallet Balance: 
            20
</h3>,
          <br />,
          <div
            className="form-group"
>
            <div
                        className="col-md-3"
                        style={
                                    Object {
                                                "paddingLeft": 0,
                                              }
                        }
            >
                        <input
                                    className="input-wallet form-control col-md-3"
                                    onChange={[Function]}
                        />
            </div>
            <div
                        className="col-md-3"
            >
                        <button
                                    className="btn-deposit btn btn-success"
                                    onClick={[Function]}
                        >
                                    Deposit
                        </button>
                        <button
                                    className="btn-withdraw btn btn-danger"
                                    onClick={[Function]}
                        >
                                    Withdraw
                        </button>
            </div>
</div>,
        ],
      },
      "ref": null,
      "rendered": Array [
        Object {
          "instance": null,
          "key": undefined,
          "nodeType": "host",
          "props": Object {
            "children": Array [
              "Wallet Balance: ",
              20,
            ],
            "className": "balance",
          },
          "ref": null,
          "rendered": Array [
            "Wallet Balance: ",
            20,
          ],
          "type": "h3",
        },
        Object {
          "instance": null,
          "key": undefined,
          "nodeType": "host",
          "props": Object {},
          "ref": null,
          "rendered": null,
          "type": "br",
        },
        Object {
          "instance": null,
          "key": undefined,
          "nodeType": "host",
          "props": Object {
            "children": Array [
              <div
                className="col-md-3"
                style={
                                Object {
                                                "paddingLeft": 0,
                                              }
                }
>
                <input
                                className="input-wallet form-control col-md-3"
                                onChange={[Function]}
                />
</div>,
              <div
                className="col-md-3"
>
                <button
                                className="btn-deposit btn btn-success"
                                onClick={[Function]}
                >
                                Deposit
                </button>
                <button
                                className="btn-withdraw btn btn-danger"
                                onClick={[Function]}
                >
                                Withdraw
                </button>
</div>,
            ],
            "className": "form-group",
          },
          "ref": null,
          "rendered": Array [
            Object {
              "instance": null,
              "key": undefined,
              "nodeType": "host",
              "props": Object {
                "children": <input
                  className="input-wallet form-control col-md-3"
                  onChange={[Function]}
/>,
                "className": "col-md-3",
                "style": Object {
                  "paddingLeft": 0,
                },
              },
              "ref": null,
              "rendered": Object {
                "instance": null,
                "key": undefined,
                "nodeType": "host",
                "props": Object {
                  "className": "input-wallet form-control col-md-3",
                  "onChange": [Function],
                },
                "ref": null,
                "rendered": null,
                "type": "input",
              },
              "type": "div",
            },
            Object {
              "instance": null,
              "key": undefined,
              "nodeType": "host",
              "props": Object {
                "children": Array [
                  <button
                    className="btn-deposit btn btn-success"
                    onClick={[Function]}
>
                    Deposit
</button>,
                  <button
                    className="btn-withdraw btn btn-danger"
                    onClick={[Function]}
>
                    Withdraw
</button>,
                ],
                "className": "col-md-3",
              },
              "ref": null,
              "rendered": Array [
                Object {
                  "instance": null,
                  "key": undefined,
                  "nodeType": "host",
                  "props": Object {
                    "children": "Deposit",
                    "className": "btn-deposit btn btn-success",
                    "onClick": [Function],
                  },
                  "ref": null,
                  "rendered": "Deposit",
                  "type": "button",
                },
                Object {
                  "instance": null,
                  "key": undefined,
                  "nodeType": "host",
                  "props": Object {
                    "children": "Withdraw",
                    "className": "btn-withdraw btn btn-danger",
                    "onClick": [Function],
                  },
                  "ref": null,
                  "rendered": "Withdraw",
                  "type": "button",
                },
              ],
              "type": "div",
            },
          ],
          "type": "div",
        },
      ],
      "type": "div",
    },
  ],
  Symbol(enzyme.__options__): Object {
    "adapter": ReactSixteenAdapter {
      "options": Object {
        "enableComponentDidUpdateOnSetState": true,
      },
    },
    "disableLifecycleMethods": true,
  },
}
`;
